[kidsdiscoveryworld.com/index.html]
[backblue.gif]
[fade.gif]
[index.html]
[use.fontawesome.com/releases/v5.5.0/css/all.css]
[kidsdiscoveryworld.com/js/jquery-2.1.4.min.js]
[kidsdiscoveryworld.com/dist/js/jquery.mmenu.min.js]
[kidsdiscoveryworld.com/js/active.js]
[kidsdiscoveryworld.com/index-2.html]
[kidsdiscoveryworld.com/about.html]
[kidsdiscoveryworld.com/staff.html]
[kidsdiscoveryworld.com/testimonials.html]
[kidsdiscoveryworld.com/programs.html]
[kidsdiscoveryworld.com/curriculum.html]
[kidsdiscoveryworld.com/for-parents.html]
[kidsdiscoveryworld.com/enrollment.html]
[kidsdiscoveryworld.com/gallery.html]
[kidsdiscoveryworld.com/contact.html]
[kidsdiscoveryworld.com/images/menu.png]
[kidsdiscoveryworld.com/images/social_icon_fb.png]
[kidsdiscoveryworld.com/images/social_icon_gp.png]
[kidsdiscoveryworld.com/images/logo.png]
[kidsdiscoveryworld.com/images/child_1.png]
[kidsdiscoveryworld.com/images/child_2.png]
[kidsdiscoveryworld.com/images/child_3.png]
[kidsdiscoveryworld.com/images/child_4.png]
[kidsdiscoveryworld.com/generator/default9147.html]
[kidsdiscoveryworld.com/images/nowEnrolling.png]
[kidsdiscoveryworld.com/anijs/dist/anijs-min.js]
[kidsdiscoveryworld.com/anijs/dist/helpers/scrollreveal/anijs-helper-scrollreveal-min.js]
[kidsdiscoveryworld.com/index.html]
[use.fontawesome.com/releases/v5.5.0/css/all.css]
[kidsdiscoveryworld.com/dist/css/jquery.mmenu.css]
[kidsdiscoveryworld.com/anijs/anicollection.css]
[kidsdiscoveryworld.com/css/bootstrap.min.css]
[kidsdiscoveryworld.com/fonts/Calibri_gdi.eot]
[kidsdiscoveryworld.com/fonts/Calibri_gdid41d.eot]
[kidsdiscoveryworld.com/fonts/Calibri_gdi.woff]
[kidsdiscoveryworld.com/fonts/Calibri_gdi.ttf]
[kidsdiscoveryworld.com/fonts/Calibri-Bold_gdi.eot]
[kidsdiscoveryworld.com/fonts/Calibri-Bold_gdid41d.eot]
[kidsdiscoveryworld.com/fonts/Calibri-Bold_gdi.woff]
[kidsdiscoveryworld.com/fonts/Calibri-Bold_gdi.ttf]
[kidsdiscoveryworld.com/css/fonts.css]
[kidsdiscoveryworld.com/images/headerIcon_1.png]
[kidsdiscoveryworld.com/images/headerIcon_2.png]
[kidsdiscoveryworld.com/images/icon_mail.png]
[kidsdiscoveryworld.com/images/orangeNavBg.png]
[kidsdiscoveryworld.com/images/bnr_top.jpg]
[kidsdiscoveryworld.com/images/bannerBottom.png]
[kidsdiscoveryworld.com/images/bnr_top_2.jpg]
[kidsdiscoveryworld.com/images/boxWidgetBg_1.png]
[kidsdiscoveryworld.com/images/boxWidgetBg_2.jpg]
[kidsdiscoveryworld.com/images/boxWidgetBg_3.jpg]
[kidsdiscoveryworld.com/images/boxWidgetBg_4.png]
[kidsdiscoveryworld.com/images/readMorBtn.png]
[kidsdiscoveryworld.com/images/bnr_botm.jpg]
[kidsdiscoveryworld.com/images/ourProgBg.png]
[kidsdiscoveryworld.com/images/starBullet.png]
[kidsdiscoveryworld.com/images/programLrnMor.png]
[kidsdiscoveryworld.com/images/caret.png]
[kidsdiscoveryworld.com/main-style.css]
[kidsdiscoveryworld.com/generator/defaulta14b.html]
[kidsdiscoveryworld.com/index-2.html]
[kidsdiscoveryworld.com/images/child_5.png]
[kidsdiscoveryworld.com/generator/default5591.html]
[www.kidsdiscoveryworld.com/images/cli07.jpg]
[www.kidsdiscoveryworld.com/images/cli06.jpg]
[kidsdiscoveryworld.com/about.html]
[kidsdiscoveryworld.com/generator/default65ac.html]
[www.kidsdiscoveryworld.com/images/cli02.jpg]
[kidsdiscoveryworld.com/staff.html]
[kidsdiscoveryworld.com/generator/default9833.html]
[www.kidsdiscoveryworld.com/images/cli05.jpg]
[kidsdiscoveryworld.com/testimonials.html]
[kidsdiscoveryworld.com/generator/defaultf10b.html]
[www.kidsdiscoveryworld.com/images/photo_4.png]
[www.kidsdiscoveryworld.com/images/photo_1.png]
[www.kidsdiscoveryworld.com/images/photo_3.png]
[kidsdiscoveryworld.com/images/photo_2.png]
[kidsdiscoveryworld.com/programs.html]
[kidsdiscoveryworld.com/generator/defaultba75.html]
[www.kidsdiscoveryworld.com/images/cli01.jpg]
[kidsdiscoveryworld.com/curriculum.html]
[kidsdiscoveryworld.com/generator/defaultb615.html]
[www.kidsdiscoveryworld.com/images/cli03.jpg]
[kidsdiscoveryworld.com/for-parents.html]
[kidsdiscoveryworld.com/generator/defaultefec.html]
[www.kidsdiscoveryworld.com/images/cli04.jpg]
[kidsdiscoveryworld.com/enrollment.html]
[kidsdiscoveryworld.com/image-gallery/js/jquery-ui-1.10.3.custom.js]
[kidsdiscoveryworld.com/image-gallery/gallery/medium/1_prek6.jpg]
[kidsdiscoveryworld.com/gallery-view681a.html]
[kidsdiscoveryworld.com/image-gallery/gallery/medium/2_20180703_101402.jpg]
[kidsdiscoveryworld.com/gallery.html]
[kidsdiscoveryworld.com/gallery-view0b30.html]
[kidsdiscoveryworld.com/js/jquery.validate.min.js]
[kidsdiscoveryworld.com/generator/default4996.html]
[kidsdiscoveryworld.com/captchaImage.png]
[kidsdiscoveryworld.com/contact.html]
[kidsdiscoveryworld.com/generator/includes/jquery/js/jquery-1.4.4.min.js]
[kidsdiscoveryworld.com/generator/includes/jquery/js/jquery-ui-1.8.7.custom.min.js]
[kidsdiscoveryworld.com/generator/includes/colorbox/jquery.colorbox-min.js]
[kidsdiscoveryworld.com/generator/scripts/language/en-US/editor_lang.js]
[kidsdiscoveryworld.com/generator/scripts/innovaeditor.js]
[kidsdiscoveryworld.com/generator/index.html]
[kidsdiscoveryworld.com/generator/default9147.html]
[kidsdiscoveryworld.com/fonts/Calibri_gdi.svg]
[kidsdiscoveryworld.com/fonts/Calibri-Bold_gdi.svg]
[kidsdiscoveryworld.com/images/caret.html]
[kidsdiscoveryworld.com/generator/defaulta14b.html]
[kidsdiscoveryworld.com/generator/about.html]
[kidsdiscoveryworld.com/generator/default5591.html]
[kidsdiscoveryworld.com/generator/staff.html]
[kidsdiscoveryworld.com/generator/default65ac.html]
[kidsdiscoveryworld.com/generator/testimonials.html]
[kidsdiscoveryworld.com/generator/default9833.html]
[kidsdiscoveryworld.com/generator/programs.html]
[kidsdiscoveryworld.com/generator/defaultf10b.html]
[kidsdiscoveryworld.com/generator/curriculum.html]
[kidsdiscoveryworld.com/generator/defaultba75.html]
[kidsdiscoveryworld.com/generator/for-parents.html]
[kidsdiscoveryworld.com/generator/defaultb615.html]
[kidsdiscoveryworld.com/generator/enrollment.html]
[kidsdiscoveryworld.com/generator/defaultefec.html]
[kidsdiscoveryworld.com/image-gallery/images/eyeBtn.png]
[kidsdiscoveryworld.com/image-gallery/images/enlarge.png]
[kidsdiscoveryworld.com/image-gallery/images/loadMorBg.png]
[kidsdiscoveryworld.com/image-gallery/css/style.css]
[kidsdiscoveryworld.com/image-gallery/css/images/animated-overlay.gif]
[kidsdiscoveryworld.com/image-gallery/css/images/ui-bg_flat_75_ffffff_40x100.png]
[kidsdiscoveryworld.com/image-gallery/css/images/ui-bg_glass_65_ffffff_1x400.png]
[kidsdiscoveryworld.com/image-gallery/css/images/ui-bg_glass_55_fbf9ee_1x400.png]
[kidsdiscoveryworld.com/image-gallery/css/images/ui-bg_glass_95_fef1ec_1x400.png]
[kidsdiscoveryworld.com/image-gallery/css/images/ui-icons_222222_256x240.png]
[kidsdiscoveryworld.com/image-gallery/css/images/ui-icons_888888_256x240.png]
[kidsdiscoveryworld.com/image-gallery/css/images/ui-icons_454545_256x240.png]
[kidsdiscoveryworld.com/image-gallery/css/images/ui-icons_2e83ff_256x240.png]
[kidsdiscoveryworld.com/image-gallery/css/images/ui-icons_cd0a0a_256x240.png]
[kidsdiscoveryworld.com/image-gallery/css/images/ui-bg_flat_0_aaaaaa_40x100.png]
[kidsdiscoveryworld.com/image-gallery/css/jquery-ui.css]
[kidsdiscoveryworld.com/image-gallery/fonts/fontawesome-webfont862f.eot]
[kidsdiscoveryworld.com/image-gallery/fonts/fontawesome-webfontd41d.eot]
[kidsdiscoveryworld.com/image-gallery/fonts/fontawesome-webfont862f.woff]
[kidsdiscoveryworld.com/image-gallery/fonts/fontawesome-webfont862f.ttf]
[kidsdiscoveryworld.com/image-gallery/css/font-awesome.css]
[cdnjs.cloudflare.com/ajax/libs/fancybox/2.1.5/jquery.fancybox.min.css]
[cdnjs.cloudflare.com/ajax/libs/fancybox/2.1.5/jquery.fancybox.min.js]
[kidsdiscoveryworld.com/image-gallery/js/jquery-ias.min.js]
[kidsdiscoveryworld.com/image-gallery/gallery/medium/1561478882_prek6.jpg]
[kidsdiscoveryworld.com/image-gallery/gallery/1561478882_prek6.jpg]
[kidsdiscoveryworld.com/image-gallery/gallery/medium/1561478882_infants3.jpg]
[kidsdiscoveryworld.com/image-gallery/gallery/1561478882_infants3.jpg]
[kidsdiscoveryworld.com/image-gallery/gallery/medium/1561478883_prek4.jpg]
[kidsdiscoveryworld.com/image-gallery/gallery/1561478883_prek4.jpg]
[kidsdiscoveryworld.com/image-gallery/gallery/medium/1561478883_toddler1.jpg]
[kidsdiscoveryworld.com/image-gallery/gallery/1561478883_toddler1.jpg]
[kidsdiscoveryworld.com/image-gallery/gallery/medium/1561478883_toddler3.jpg]
[kidsdiscoveryworld.com/image-gallery/gallery/1561478883_toddler3.jpg]
[kidsdiscoveryworld.com/gallery-view681a.html]
[kidsdiscoveryworld.com/image-gallery/gallery/medium/1561479150_20180703_101402.jpg]
[kidsdiscoveryworld.com/image-gallery/gallery/1561479150_20180703_101402.jpg]
[kidsdiscoveryworld.com/image-gallery/gallery/medium/1561479150_20180703_101515.jpg]
[kidsdiscoveryworld.com/image-gallery/gallery/1561479150_20180703_101515.jpg]
[kidsdiscoveryworld.com/image-gallery/gallery/medium/1561479151_20181116_101143.jpg]
[kidsdiscoveryworld.com/image-gallery/gallery/1561479151_20181116_101143.jpg]
[kidsdiscoveryworld.com/gallery-view0b30.html]
[kidsdiscoveryworld.com/generator/contact.8e.delayed]
[kidsdiscoveryworld.com/generator/default4996.html]
[kidsdiscoveryworld.com/generator/includes/frame.css]
[kidsdiscoveryworld.com/generator/includes/colorbox/images/overlay.png]
[kidsdiscoveryworld.com/generator/includes/colorbox/images/loading_background.png]
[kidsdiscoveryworld.com/generator/includes/colorbox/images/loading.gif]
[kidsdiscoveryworld.com/generator/includes/colorbox/images/controls.png]
[kidsdiscoveryworld.com/generator/images/logo_login.png]
[kidsdiscoveryworld.com/generator/images/chevron_down.png]
[kidsdiscoveryworld.com/generator/images/chevron_right.png]
[kidsdiscoveryworld.com/generator/images/logo_header.png]
[kidsdiscoveryworld.com/generator/images/tab_back.png]
[kidsdiscoveryworld.com/generator/images/tab_back_active.png]
[kidsdiscoveryworld.com/generator/images/minitabback.png]
[kidsdiscoveryworld.com/generator/images/text_page_listing.png]
[kidsdiscoveryworld.com/generator/images/bullet_go.png]
[kidsdiscoveryworld.com/generator/scripts/icons/grpbg.gif]
[kidsdiscoveryworld.com/generator/scripts/style/silver/topleft.gif]
[kidsdiscoveryworld.com/generator/scripts/style/silver/topright.gif]
[kidsdiscoveryworld.com/generator/scripts/style/silver/bottomleft.gif]
[kidsdiscoveryworld.com/generator/scripts/style/silver/bottomright.gif]
[kidsdiscoveryworld.com/generator/scripts/style/silver/top.gif]
[kidsdiscoveryworld.com/generator/scripts/style/silver/left.gif]
[kidsdiscoveryworld.com/generator/scripts/style/silver/right.gif]
[kidsdiscoveryworld.com/generator/scripts/style/silver/bottom.gif]
[kidsdiscoveryworld.com/generator/scripts/icons/bg.gif]
[kidsdiscoveryworld.com/generator/images/cancel.png]
[kidsdiscoveryworld.com/generator/includes/style.css]
[kidsdiscoveryworld.com/generator/index.html]
[kidsdiscoveryworld.com/generator/about.html]
[kidsdiscoveryworld.com/generator/staff.html]
[kidsdiscoveryworld.com/generator/testimonials.html]
[kidsdiscoveryworld.com/generator/programs.html]
[kidsdiscoveryworld.com/generator/curriculum.html]
[kidsdiscoveryworld.com/generator/for-parents.html]
[kidsdiscoveryworld.com/generator/enrollment.html]
[kidsdiscoveryworld.com/image-gallery/css/images/animated-overlay.html]
[kidsdiscoveryworld.com/image-gallery/css/images/ui-bg_flat_75_ffffff_40x100.html]
[kidsdiscoveryworld.com/image-gallery/css/images/ui-bg_glass_65_ffffff_1x400.html]
[kidsdiscoveryworld.com/image-gallery/css/images/ui-bg_glass_55_fbf9ee_1x400.html]
[kidsdiscoveryworld.com/image-gallery/css/images/ui-bg_glass_95_fef1ec_1x400.html]
[kidsdiscoveryworld.com/image-gallery/css/images/ui-icons_222222_256x240.html]
[kidsdiscoveryworld.com/image-gallery/css/images/ui-icons_888888_256x240.html]
[kidsdiscoveryworld.com/image-gallery/css/images/ui-icons_454545_256x240.html]
[kidsdiscoveryworld.com/image-gallery/css/images/ui-icons_2e83ff_256x240.html]
[kidsdiscoveryworld.com/image-gallery/css/images/ui-icons_cd0a0a_256x240.html]
[kidsdiscoveryworld.com/image-gallery/css/images/ui-bg_flat_0_aaaaaa_40x100.html]
[kidsdiscoveryworld.com/image-gallery/fonts/fontawesome-webfont862f.svg]
[cdnjs.cloudflare.com/ajax/libs/fancybox/2.1.5/fancybox_sprite.png]
[cdnjs.cloudflare.com/ajax/libs/fancybox/2.1.5/fancybox_loading.gif]
[cdnjs.cloudflare.com/ajax/libs/fancybox/2.1.5/blank.gif]
[cdnjs.cloudflare.com/ajax/libs/fancybox/2.1.5/fancybox_overlay.png]
[cdnjs.cloudflare.com/ajax/libs/fancybox/2.1.5/fancybox_sprite@2x.png]
[cdnjs.cloudflare.com/ajax/libs/fancybox/2.1.5/jquery.fancybox.min.css]
[kidsdiscoveryworld.com/generator/contact.html]
[cdnjs.cloudflare.com/ajax/libs/fancybox/2.1.5/fancybox_loading@2x.gif]
